Archive member included to satisfy reference by file (symbol)

c:/st/stm32cubeide_1.4.0/stm32cubeide/plugins/com.st.stm32cube.ide.mcu.externaltools.gnu-tools-for-stm32.7-2018-q2-update.win32_1.4.0.202007081208/tools/bin/../lib/gcc/arm-none-eabi/7.3.1/../../../../arm-none-eabi/lib/thumb/v7e-m/fpv4-sp/hard\libc_nano.a(lib_a-errno.o)
                              Core/Src/syscalls.o (__errno)
c:/st/stm32cubeide_1.4.0/stm32cubeide/plugins/com.st.stm32cube.ide.mcu.externaltools.gnu-tools-for-stm32.7-2018-q2-update.win32_1.4.0.202007081208/tools/bin/../lib/gcc/arm-none-eabi/7.3.1/../../../../arm-none-eabi/lib/thumb/v7e-m/fpv4-sp/hard\libc_nano.a(lib_a-exit.o)
                              c:/st/stm32cubeide_1.4.0/stm32cubeide/plugins/com.st.stm32cube.ide.mcu.externaltools.gnu-tools-for-stm32.7-2018-q2-update.win32_1.4.0.202007081208/tools/bin/../lib/gcc/arm-none-eabi/7.3.1/../../../../arm-none-eabi/lib/thumb/v7e-m/fpv4-sp/hard/crt0.o (exit)
c:/st/stm32cubeide_1.4.0/stm32cubeide/plugins/com.st.stm32cube.ide.mcu.externaltools.gnu-tools-for-stm32.7-2018-q2-update.win32_1.4.0.202007081208/tools/bin/../lib/gcc/arm-none-eabi/7.3.1/../../../../arm-none-eabi/lib/thumb/v7e-m/fpv4-sp/hard\libc_nano.a(lib_a-impure.o)
                              c:/st/stm32cubeide_1.4.0/stm32cubeide/plugins/com.st.stm32cube.ide.mcu.externaltools.gnu-tools-for-stm32.7-2018-q2-update.win32_1.4.0.202007081208/tools/bin/../lib/gcc/arm-none-eabi/7.3.1/../../../../arm-none-eabi/lib/thumb/v7e-m/fpv4-sp/hard\libc_nano.a(lib_a-exit.o) (_global_impure_ptr)
c:/st/stm32cubeide_1.4.0/stm32cubeide/plugins/com.st.stm32cube.ide.mcu.externaltools.gnu-tools-for-stm32.7-2018-q2-update.win32_1.4.0.202007081208/tools/bin/../lib/gcc/arm-none-eabi/7.3.1/../../../../arm-none-eabi/lib/thumb/v7e-m/fpv4-sp/hard\libc_nano.a(lib_a-init.o)
                              c:/st/stm32cubeide_1.4.0/stm32cubeide/plugins/com.st.stm32cube.ide.mcu.externaltools.gnu-tools-for-stm32.7-2018-q2-update.win32_1.4.0.202007081208/tools/bin/../lib/gcc/arm-none-eabi/7.3.1/../../../../arm-none-eabi/lib/thumb/v7e-m/fpv4-sp/hard/crt0.o (__libc_init_array)
c:/st/stm32cubeide_1.4.0/stm32cubeide/plugins/com.st.stm32cube.ide.mcu.externaltools.gnu-tools-for-stm32.7-2018-q2-update.win32_1.4.0.202007081208/tools/bin/../lib/gcc/arm-none-eabi/7.3.1/../../../../arm-none-eabi/lib/thumb/v7e-m/fpv4-sp/hard\libc_nano.a(lib_a-memset.o)
                              c:/st/stm32cubeide_1.4.0/stm32cubeide/plugins/com.st.stm32cube.ide.mcu.externaltools.gnu-tools-for-stm32.7-2018-q2-update.win32_1.4.0.202007081208/tools/bin/../lib/gcc/arm-none-eabi/7.3.1/../../../../arm-none-eabi/lib/thumb/v7e-m/fpv4-sp/hard/crt0.o (memset)

Allocating common symbols
Common symbol       size              file

xfunc_in            0x4               Core/Src/xprintf.o
cnt                 0x1               Core/Src/main.o
xfunc_out           0x4               Core/Src/xprintf.o
hcan                0x28              Core/Src/main.o
uwTick              0x4               Drivers/STM32F3xx_HAL_Driver/Src/stm32f3xx_hal.o
pFlash              0x20              Drivers/STM32F3xx_HAL_Driver/Src/stm32f3xx_hal_flash.o
TxData              0x8               Core/Src/main.o
TxMailbox           0x4               Core/Src/main.o
huart2              0x84              Core/Src/main.o
TxHeader            0x18              Core/Src/main.o

Discarded input sections

 .text          0x0000000000000000        0x0 c:/st/stm32cubeide_1.4.0/stm32cubeide/plugins/com.st.stm32cube.ide.mcu.externaltools.gnu-tools-for-stm32.7-2018-q2-update.win32_1.4.0.202007081208/tools/bin/../lib/gcc/arm-none-eabi/7.3.1/thumb/v7e-m/fpv4-sp/hard/crti.o
 .data          0x0000000000000000        0x0 c:/st/stm32cubeide_1.4.0/stm32cubeide/plugins/com.st.stm32cube.ide.mcu.externaltools.gnu-tools-for-stm32.7-2018-q2-update.win32_1.4.0.202007081208/tools/bin/../lib/gcc/arm-none-eabi/7.3.1/thumb/v7e-m/fpv4-sp/hard/crti.o
 .bss           0x0000000000000000        0x0 c:/st/stm32cubeide_1.4.0/stm32cubeide/plugins/com.st.stm32cube.ide.mcu.externaltools.gnu-tools-for-stm32.7-2018-q2-update.win32_1.4.0.202007081208/tools/bin/../lib/gcc/arm-none-eabi/7.3.1/thumb/v7e-m/fpv4-sp/hard/crti.o
 .data          0x0000000000000000        0x4 c:/st/stm32cubeide_1.4.0/stm32cubeide/plugins/com.st.stm32cube.ide.mcu.externaltools.gnu-tools-for-stm32.7-2018-q2-update.win32_1.4.0.202007081208/tools/bin/../lib/gcc/arm-none-eabi/7.3.1/thumb/v7e-m/fpv4-sp/hard/crtbegin.o
 .text          0x0000000000000000       0x74 c:/st/stm32cubeide_1.4.0/stm32cubeide/plugins/com.st.stm32cube.ide.mcu.externaltools.gnu-tools-for-stm32.7-2018-q2-update.win32_1.4.0.202007081208/tools/bin/../lib/gcc/arm-none-eabi/7.3.1/../../../../arm-none-eabi/lib/thumb/v7e-m/fpv4-sp/hard/crt0.o
[...]
Memory Configuration

Name             Origin             Length             Attributes
CCMRAM           0x0000000010000000 0x0000000000001000 xrw
RAM              0x0000000020000000 0x0000000000003000 xrw
FLASH            0x0000000008000000 0x0000000000010000 xr
*default*        0x0000000000000000 0xffffffffffffffff

Linker script and memory map

LOAD c:/st/stm32cubeide_1.4.0/stm32cubeide/plugins/com.st.stm32cube.ide.mcu.externaltools.gnu-tools-for-stm32.7-2018-q2-update.win32_1.4.0.202007081208/tools/bin/../lib/gcc/arm-none-eabi/7.3.1/thumb/v7e-m/fpv4-sp/hard/crti.o
LOAD c:/st/stm32cubeide_1.4.0/stm32cubeide/plugins/com.st.stm32cube.ide.mcu.externaltools.gnu-tools-for-stm32.7-2018-q2-update.win32_1.4.0.202007081208/tools/bin/../lib/gcc/arm-none-eabi/7.3.1/thumb/v7e-m/fpv4-sp/hard/crtbegin.o
LOAD c:/st/stm32cubeide_1.4.0/stm32cubeide/plugins/com.st.stm32cube.ide.mcu.externaltools.gnu-tools-for-stm32.7-2018-q2-update.win32_1.4.0.202007081208/tools/bin/../lib/gcc/arm-none-eabi/7.3.1/../../../../arm-none-eabi/lib/thumb/v7e-m/fpv4-sp/hard/crt0.o
LOAD Core/Src/main.o
LOAD Core/Src/stm32f3xx_hal_msp.o
LOAD Core/Src/stm32f3xx_it.o
LOAD Core/Src/syscalls.o
LOAD Core/Src/sysmem.o
LOAD Core/Src/system_stm32f3xx.o
LOAD Core/Src/xprintf.o
LOAD Core/Startup/startup_stm32f303k8tx.o
LOAD Drivers/STM32F3xx_HAL_Driver/Src/stm32f3xx_hal.o
LOAD Drivers/STM32F3xx_HAL_Driver/Src/stm32f3xx_hal_can.o
LOAD Drivers/STM32F3xx_HAL_Driver/Src/stm32f3xx_hal_cortex.o
LOAD Drivers/STM32F3xx_HAL_Driver/Src/stm32f3xx_hal_dma.o
LOAD Drivers/STM32F3xx_HAL_Driver/Src/stm32f3xx_hal_exti.o
LOAD Drivers/STM32F3xx_HAL_Driver/Src/stm32f3xx_hal_flash.o
LOAD Drivers/STM32F3xx_HAL_Driver/Src/stm32f3xx_hal_flash_ex.o
LOAD Drivers/STM32F3xx_HAL_Driver/Src/stm32f3xx_hal_gpio.o
LOAD Drivers/STM32F3xx_HAL_Driver/Src/stm32f3xx_hal_i2c.o
LOAD Drivers/STM32F3xx_HAL_Driver/Src/stm32f3xx_hal_i2c_ex.o
LOAD Drivers/STM32F3xx_HAL_Driver/Src/stm32f3xx_hal_pwr.o
LOAD Drivers/STM32F3xx_HAL_Driver/Src/stm32f3xx_hal_pwr_ex.o
LOAD Drivers/STM32F3xx_HAL_Driver/Src/stm32f3xx_hal_rcc.o
LOAD Drivers/STM32F3xx_HAL_Driver/Src/stm32f3xx_hal_rcc_ex.o
LOAD Drivers/STM32F3xx_HAL_Driver/Src/stm32f3xx_hal_tim.o
LOAD Drivers/STM32F3xx_HAL_Driver/Src/stm32f3xx_hal_tim_ex.o
LOAD Drivers/STM32F3xx_HAL_Driver/Src/stm32f3xx_hal_uart.o
LOAD Drivers/STM32F3xx_HAL_Driver/Src/stm32f3xx_hal_uart_ex.o
START GROUP
LOAD c:/st/stm32cubeide_1.4.0/stm32cubeide/plugins/com.st.stm32cube.ide.mcu.externaltools.gnu-tools-for-stm32.7-2018-q2-update.win32_1.4.0.202007081208/tools/bin/../lib/gcc/arm-none-eabi/7.3.1/../../../../arm-none-eabi/lib/thumb/v7e-m/fpv4-sp/hard\libc_nano.a
LOAD c:/st/stm32cubeide_1.4.0/stm32cubeide/plugins/com.st.stm32cube.ide.mcu.externaltools.gnu-tools-for-stm32.7-2018-q2-update.win32_1.4.0.202007081208/tools/bin/../lib/gcc/arm-none-eabi/7.3.1/../../../../arm-none-eabi/lib/thumb/v7e-m/fpv4-sp/hard\libm.a
END GROUP
START GROUP
LOAD c:/st/stm32cubeide_1.4.0/stm32cubeide/plugins/com.st.stm32cube.ide.mcu.externaltools.gnu-tools-for-stm32.7-2018-q2-update.win32_1.4.0.202007081208/tools/bin/../lib/gcc/arm-none-eabi/7.3.1/thumb/v7e-m/fpv4-sp/hard\libgcc.a
LOAD c:/st/stm32cubeide_1.4.0/stm32cubeide/plugins/com.st.stm32cube.ide.mcu.externaltools.gnu-tools-for-stm32.7-2018-q2-update.win32_1.4.0.202007081208/tools/bin/../lib/gcc/arm-none-eabi/7.3.1/../../../../arm-none-eabi/lib/thumb/v7e-m/fpv4-sp/hard\libc_nano.a
END GROUP
START GROUP
LOAD c:/st/stm32cubeide_1.4.0/stm32cubeide/plugins/com.st.stm32cube.ide.mcu.externaltools.gnu-tools-for-stm32.7-2018-q2-update.win32_1.4.0.202007081208/tools/bin/../lib/gcc/arm-none-eabi/7.3.1/thumb/v7e-m/fpv4-sp/hard\libgcc.a
LOAD c:/st/stm32cubeide_1.4.0/stm32cubeide/plugins/com.st.stm32cube.ide.mcu.externaltools.gnu-tools-for-stm32.7-2018-q2-update.win32_1.4.0.202007081208/tools/bin/../lib/gcc/arm-none-eabi/7.3.1/../../../../arm-none-eabi/lib/thumb/v7e-m/fpv4-sp/hard\libc_nano.a
LOAD c:/st/stm32cubeide_1.4.0/stm32cubeide/plugins/com.st.stm32cube.ide.mcu.externaltools.gnu-tools-for-stm32.7-2018-q2-update.win32_1.4.0.202007081208/tools/bin/../lib/gcc/arm-none-eabi/7.3.1/../../../../arm-none-eabi/lib/thumb/v7e-m/fpv4-sp/hard\libnosys.a
END GROUP
START GROUP
LOAD c:/st/stm32cubeide_1.4.0/stm32cubeide/plugins/com.st.stm32cube.ide.mcu.externaltools.gnu-tools-for-stm32.7-2018-q2-update.win32_1.4.0.202007081208/tools/bin/../lib/gcc/arm-none-eabi/7.3.1/thumb/v7e-m/fpv4-sp/hard\libgcc.a
LOAD c:/st/stm32cubeide_1.4.0/stm32cubeide/plugins/com.st.stm32cube.ide.mcu.externaltools.gnu-tools-for-stm32.7-2018-q2-update.win32_1.4.0.202007081208/tools/bin/../lib/gcc/arm-none-eabi/7.3.1/../../../../arm-none-eabi/lib/thumb/v7e-m/fpv4-sp/hard\libc_nano.a
LOAD c:/st/stm32cubeide_1.4.0/stm32cubeide/plugins/com.st.stm32cube.ide.mcu.externaltools.gnu-tools-for-stm32.7-2018-q2-update.win32_1.4.0.202007081208/tools/bin/../lib/gcc/arm-none-eabi/7.3.1/../../../../arm-none-eabi/lib/thumb/v7e-m/fpv4-sp/hard\libnosys.a
END GROUP
LOAD c:/st/stm32cubeide_1.4.0/stm32cubeide/plugins/com.st.stm32cube.ide.mcu.externaltools.gnu-tools-for-stm32.7-2018-q2-update.win32_1.4.0.202007081208/tools/bin/../lib/gcc/arm-none-eabi/7.3.1/thumb/v7e-m/fpv4-sp/hard/crtend.o
LOAD c:/st/stm32cubeide_1.4.0/stm32cubeide/plugins/com.st.stm32cube.ide.mcu.externaltools.gnu-tools-for-stm32.7-2018-q2-update.win32_1.4.0.202007081208/tools/bin/../lib/gcc/arm-none-eabi/7.3.1/thumb/v7e-m/fpv4-sp/hard/crtn.o
                0x0000000020003000                _estack = (ORIGIN (RAM) + LENGTH (RAM))
                0x0000000000000200                _Min_Heap_Size = 0x200
                0x0000000000000400                _Min_Stack_Size = 0x400

.isr_vector     0x0000000008000000      0x188
                0x0000000008000000                . = ALIGN (0x4)
 *(.isr_vector)
 .isr_vector    0x0000000008000000      0x188 Core/Startup/startup_stm32f303k8tx.o
                0x0000000008000000                g_pfnVectors
                0x0000000008000188                . = ALIGN (0x4)

.text           0x0000000008000188     0x29ac
                0x0000000008000188                . = ALIGN (0x4)
 *(.text)
 .text          0x0000000008000188       0x40 c:/st/stm32cubeide_1.4.0/stm32cubeide/plugins/com.st.stm32cube.ide.mcu.externaltools.gnu-tools-for-stm32.7-2018-q2-update.win32_1.4.0.202007081208/tools/bin/../lib/gcc/arm-none-eabi/7.3.1/thumb/v7e-m/fpv4-sp/hard/crtbegin.o
 *(.text*)
 .text.uart_putc
                0x00000000080001c8       0x2c Core/Src/main.o
                0x00000000080001c8                uart_putc
 .text.main     0x00000000080001f4       0xd0 Core/Src/main.o
                0x00000000080001f4                main
 .text.SystemClock_Config
                0x00000000080002c4       0x82 Core/Src/main.o
                0x00000000080002c4                SystemClock_Config
 *fill*         0x0000000008000346        0x2 
 .text.MX_CAN_Init
                0x0000000008000348       0x6c Core/Src/main.o
 .text.MX_USART2_UART_Init
                0x00000000080003b4       0x60 Core/Src/main.o
 .text.MX_GPIO_Init
                0x0000000008000414       0x48 Core/Src/main.o
 .text.Error_Handler
                0x000000000800045c        0xe Core/Src/main.o
                0x000000000800045c                Error_Handler
 *fill*         0x000000000800046a        0x2 
 .text.HAL_MspInit
                0x000000000800046c       0x48 Core/Src/stm32f3xx_hal_msp.o
                0x000000000800046c                HAL_MspInit
 .text.HAL_CAN_MspInit
                0x00000000080004b4       0x88 Core/Src/stm32f3xx_hal_msp.o
                0x00000000080004b4                HAL_CAN_MspInit
 .text.HAL_UART_MspInit
                0x000000000800053c       0x88 Core/Src/stm32f3xx_hal_msp.o
                0x000000000800053c                HAL_UART_MspInit
 .text.NMI_Handler
                0x00000000080005c4        0xe Core/Src/stm32f3xx_it.o
                0x00000000080005c4                NMI_Handler
 .text.HardFault_Handler
                0x00000000080005d2        0x6 Core/Src/stm32f3xx_it.o
                0x00000000080005d2                HardFault_Handler
 .text.MemManage_Handler
                0x00000000080005d8        0x6 Core/Src/stm32f3xx_it.o
                0x00000000080005d8                MemManage_Handler
 .text.BusFault_Handler
                0x00000000080005de        0x6 Core/Src/stm32f3xx_it.o
                0x00000000080005de                BusFault_Handler
 .text.UsageFault_Handler
                0x00000000080005e4        0x6 Core/Src/stm32f3xx_it.o
                0x00000000080005e4                UsageFault_Handler
 .text.SVC_Handler
                0x00000000080005ea        0xe Core/Src/stm32f3xx_it.o
                0x00000000080005ea                SVC_Handler
 .text.DebugMon_Handler
                0x00000000080005f8        0xe Core/Src/stm32f3xx_it.o
                0x00000000080005f8                DebugMon_Handler
 .text.PendSV_Handler
                0x0000000008000606        0xe Core/Src/stm32f3xx_it.o
                0x0000000008000606                PendSV_Handler
 .text.SysTick_Handler
                0x0000000008000614        0xc Core/Src/stm32f3xx_it.o
                0x0000000008000614                SysTick_Handler
 .text.SystemInit
                0x0000000008000620       0x24 Core/Src/system_stm32f3xx.o
                0x0000000008000620                SystemInit
 .text.Reset_Handler
                0x0000000008000644       0x50 Core/Startup/startup_stm32f303k8tx.o
                0x0000000008000644                Reset_Handler
 .text.Default_Handler
                0x0000000008000694        0x2 Core/Startup/startup_stm32f303k8tx.o
                0x0000000008000694                RTC_Alarm_IRQHandler
                0x0000000008000694                TIM1_CC_IRQHandler
                0x0000000008000694                PVD_IRQHandler
                0x0000000008000694                TAMP_STAMP_IRQHandler
                0x0000000008000694                EXTI3_IRQHandler
                0x0000000008000694                EXTI0_IRQHandler
                0x0000000008000694                FPU_IRQHandler
                0x0000000008000694                CAN_TX_IRQHandler
                0x0000000008000694                TIM1_UP_TIM16_IRQHandler
                0x0000000008000694                ADC1_2_IRQHandler
                0x0000000008000694                SPI1_IRQHandler
                0x0000000008000694                CAN_SCE_IRQHandler
                0x0000000008000694                DMA1_Channel4_IRQHandler
                0x0000000008000694                USART3_IRQHandler
                0x0000000008000694                DMA1_Channel7_IRQHandler
                0x0000000008000694                TIM7_DAC2_IRQHandler
                0x0000000008000694                CAN_RX1_IRQHandler
                0x0000000008000694                I2C1_EV_IRQHandler
                0x0000000008000694                DMA1_Channel6_IRQHandler
                0x0000000008000694                TIM3_IRQHandler
                0x0000000008000694                RCC_IRQHandler
                0x0000000008000694                DMA1_Channel1_IRQHandler
                0x0000000008000694                Default_Handler
                0x0000000008000694                EXTI15_10_IRQHandler
                0x0000000008000694                COMP2_IRQHandler
                0x0000000008000694                TIM6_DAC1_IRQHandler
                0x0000000008000694                EXTI9_5_IRQHandler
                0x0000000008000694                RTC_WKUP_IRQHandler
                0x0000000008000694                DMA1_Channel5_IRQHandler
                0x0000000008000694                EXTI4_IRQHandler
                0x0000000008000694                TIM1_TRG_COM_TIM17_IRQHandler
                0x0000000008000694                DMA1_Channel3_IRQHandler
                0x0000000008000694                WWDG_IRQHandler
                0x0000000008000694                TIM2_IRQHandler
                0x0000000008000694                EXTI1_IRQHandler
                0x0000000008000694                COMP4_6_IRQHandler
                0x0000000008000694                USART2_IRQHandler
                0x0000000008000694                DMA1_Channel2_IRQHandler
                0x0000000008000694                FLASH_IRQHandler
                0x0000000008000694                USART1_IRQHandler
                0x0000000008000694                CAN_RX0_IRQHandler
                0x0000000008000694                I2C1_ER_IRQHandler
                0x0000000008000694                EXTI2_TSC_IRQHandler
                0x0000000008000694                TIM1_BRK_TIM15_IRQHandler
 *fill*         0x0000000008000696        0x2 
 .text.HAL_Init
                0x0000000008000698       0x2c Drivers/STM32F3xx_HAL_Driver/Src/stm32f3xx_hal.o
                0x0000000008000698                HAL_Init
 .text.HAL_InitTick
                0x00000000080006c4       0x60 Drivers/STM32F3xx_HAL_Driver/Src/stm32f3xx_hal.o
                0x00000000080006c4                HAL_InitTick
 .text.HAL_IncTick
                0x0000000008000724       0x28 Drivers/STM32F3xx_HAL_Driver/Src/stm32f3xx_hal.o
                0x0000000008000724                HAL_IncTick
 .text.HAL_GetTick
                0x000000000800074c       0x18 Drivers/STM32F3xx_HAL_Driver/Src/stm32f3xx_hal.o
                0x000000000800074c                HAL_GetTick
 .text.HAL_Delay
                0x0000000008000764       0x44 Drivers/STM32F3xx_HAL_Driver/Src/stm32f3xx_hal.o
                0x0000000008000764                HAL_Delay
 .text.HAL_CAN_Init
                0x00000000080007a8      0x1f6 Drivers/STM32F3xx_HAL_Driver/Src/stm32f3xx_hal_can.o
                0x00000000080007a8                HAL_CAN_Init
 .text.HAL_CAN_Start
                0x000000000800099e       0x88 Drivers/STM32F3xx_HAL_Driver/Src/stm32f3xx_hal_can.o
                0x000000000800099e                HAL_CAN_Start
 .text.HAL_CAN_AddTxMessage
                0x0000000008000a26      0x1b6 Drivers/STM32F3xx_HAL_Driver/Src/stm32f3xx_hal_can.o
                0x0000000008000a26                HAL_CAN_AddTxMessage
 .text.HAL_CAN_GetTxMailboxesFreeLevel
                0x0000000008000bdc       0x6a Drivers/STM32F3xx_HAL_Driver/Src/stm32f3xx_hal_can.o
                0x0000000008000bdc                HAL_CAN_GetTxMailboxesFreeLevel
 .text.HAL_CAN_ActivateNotification
                0x0000000008000c46       0x4c Drivers/STM32F3xx_HAL_Driver/Src/stm32f3xx_hal_can.o
                0x0000000008000c46                HAL_CAN_ActivateNotification
 *fill*         0x0000000008000c92        0x2 
 .text.__NVIC_SetPriorityGrouping
                0x0000000008000c94       0x48 Drivers/STM32F3xx_HAL_Driver/Src/stm32f3xx_hal_cortex.o
 .text.__NVIC_GetPriorityGrouping
                0x0000000008000cdc       0x1c Drivers/STM32F3xx_HAL_Driver/Src/stm32f3xx_hal_cortex.o
 .text.__NVIC_SetPriority
                0x0000000008000cf8       0x54 Drivers/STM32F3xx_HAL_Driver/Src/stm32f3xx_hal_cortex.o
 .text.NVIC_EncodePriority
                0x0000000008000d4c       0x66 Drivers/STM32F3xx_HAL_Driver/Src/stm32f3xx_hal_cortex.o
 *fill*         0x0000000008000db2        0x2 
 .text.SysTick_Config
                0x0000000008000db4       0x44 Drivers/STM32F3xx_HAL_Driver/Src/stm32f3xx_hal_cortex.o
 .text.HAL_NVIC_SetPriorityGrouping
                0x0000000008000df8       0x16 Drivers/STM32F3xx_HAL_Driver/Src/stm32f3xx_hal_cortex.o
                0x0000000008000df8                HAL_NVIC_SetPriorityGrouping
 .text.HAL_NVIC_SetPriority
                0x0000000008000e0e       0x38 Drivers/STM32F3xx_HAL_Driver/Src/stm32f3xx_hal_cortex.o
                0x0000000008000e0e                HAL_NVIC_SetPriority
 .text.HAL_SYSTICK_Config
                0x0000000008000e46       0x18 Drivers/STM32F3xx_HAL_Driver/Src/stm32f3xx_hal_cortex.o
                0x0000000008000e46                HAL_SYSTICK_Config
 *fill*         0x0000000008000e5e        0x2 
 .text.HAL_GPIO_Init
                0x0000000008000e60      0x2e4 Drivers/STM32F3xx_HAL_Driver/Src/stm32f3xx_hal_gpio.o
                0x0000000008000e60                HAL_GPIO_Init
 .text.HAL_RCC_OscConfig
                0x0000000008001144      0xe10 Drivers/STM32F3xx_HAL_Driver/Src/stm32f3xx_hal_rcc.o
                0x0000000008001144                HAL_RCC_OscConfig
 .text.HAL_RCC_ClockConfig
                0x0000000008001f54      0x2f8 Drivers/STM32F3xx_HAL_Driver/Src/stm32f3xx_hal_rcc.o
                0x0000000008001f54                HAL_RCC_ClockConfig
 .text.HAL_RCC_GetSysClockFreq
                0x000000000800224c       0xd4 Drivers/STM32F3xx_HAL_Driver/Src/stm32f3xx_hal_rcc.o
                0x000000000800224c                HAL_RCC_GetSysClockFreq
 .text.HAL_RCC_GetHCLKFreq
                0x0000000008002320       0x18 Drivers/STM32F3xx_HAL_Driver/Src/stm32f3xx_hal_rcc.o
                0x0000000008002320                HAL_RCC_GetHCLKFreq
 .text.HAL_RCC_GetPCLK1Freq
                0x0000000008002338       0x44 Drivers/STM32F3xx_HAL_Driver/Src/stm32f3xx_hal_rcc.o
                0x0000000008002338                HAL_RCC_GetPCLK1Freq
 .text.HAL_RCC_GetPCLK2Freq
                0x000000000800237c       0x44 Drivers/STM32F3xx_HAL_Driver/Src/stm32f3xx_hal_rcc.o
                0x000000000800237c                HAL_RCC_GetPCLK2Freq
 .text.HAL_UART_Init
                0x00000000080023c0       0x9c Drivers/STM32F3xx_HAL_Driver/Src/stm32f3xx_hal_uart.o
                0x00000000080023c0                HAL_UART_Init
 .text.HAL_UART_Transmit
                0x000000000800245c      0x128 Drivers/STM32F3xx_HAL_Driver/Src/stm32f3xx_hal_uart.o
                0x000000000800245c                HAL_UART_Transmit
 .text.UART_SetConfig
                0x0000000008002584      0x270 Drivers/STM32F3xx_HAL_Driver/Src/stm32f3xx_hal_uart.o
                0x0000000008002584                UART_SetConfig
 .text.UART_AdvFeatureConfig
                0x00000000080027f4      0x144 Drivers/STM32F3xx_HAL_Driver/Src/stm32f3xx_hal_uart.o
                0x00000000080027f4                UART_AdvFeatureConfig
 .text.UART_CheckIdleState
                0x0000000008002938       0x92 Drivers/STM32F3xx_HAL_Driver/Src/stm32f3xx_hal_uart.o
                0x0000000008002938                UART_CheckIdleState
 .text.UART_WaitOnFlagUntilTimeout
                0x00000000080029ca       0xf8 Drivers/STM32F3xx_HAL_Driver/Src/stm32f3xx_hal_uart.o
                0x00000000080029ca                UART_WaitOnFlagUntilTimeout
 *fill*         0x0000000008002ac2        0x2 
 .text.__libc_init_array
                0x0000000008002ac4       0x48 c:/st/stm32cubeide_1.4.0/stm32cubeide/plugins/com.st.stm32cube.ide.mcu.externaltools.gnu-tools-for-stm32.7-2018-q2-update.win32_1.4.0.202007081208/tools/bin/../lib/gcc/arm-none-eabi/7.3.1/../../../../arm-none-eabi/lib/thumb/v7e-m/fpv4-sp/hard\libc_nano.a(lib_a-init.o)
                0x0000000008002ac4                __libc_init_array
 .text.memset   0x0000000008002b0c       0x10 c:/st/stm32cubeide_1.4.0/stm32cubeide/plugins/com.st.stm32cube.ide.mcu.externaltools.gnu-tools-for-stm32.7-2018-q2-update.win32_1.4.0.202007081208/tools/bin/../lib/gcc/arm-none-eabi/7.3.1/../../../../arm-none-eabi/lib/thumb/v7e-m/fpv4-sp/hard\libc_nano.a(lib_a-memset.o)
                0x0000000008002b0c                memset
 *(.glue_7)
 .glue_7        0x0000000008002b1c        0x0 linker stubs
 *(.glue_7t)
 .glue_7t       0x0000000008002b1c        0x0 linker stubs
 *(.eh_frame)
 .eh_frame      0x0000000008002b1c        0x0 c:/st/stm32cubeide_1.4.0/stm32cubeide/plugins/com.st.stm32cube.ide.mcu.externaltools.gnu-tools-for-stm32.7-2018-q2-update.win32_1.4.0.202007081208/tools/bin/../lib/gcc/arm-none-eabi/7.3.1/thumb/v7e-m/fpv4-sp/hard/crtbegin.o
 *(.init)
 .init          0x0000000008002b1c        0x4 c:/st/stm32cubeide_1.4.0/stm32cubeide/plugins/com.st.stm32cube.ide.mcu.externaltools.gnu-tools-for-stm32.7-2018-q2-update.win32_1.4.0.202007081208/tools/bin/../lib/gcc/arm-none-eabi/7.3.1/thumb/v7e-m/fpv4-sp/hard/crti.o
                0x0000000008002b1c                _init
 .init          0x0000000008002b20        0x8 c:/st/stm32cubeide_1.4.0/stm32cubeide/plugins/com.st.stm32cube.ide.mcu.externaltools.gnu-tools-for-stm32.7-2018-q2-update.win32_1.4.0.202007081208/tools/bin/../lib/gcc/arm-none-eabi/7.3.1/thumb/v7e-m/fpv4-sp/hard/crtn.o
 *(.fini)
 .fini          0x0000000008002b28        0x4 c:/st/stm32cubeide_1.4.0/stm32cubeide/plugins/com.st.stm32cube.ide.mcu.externaltools.gnu-tools-for-stm32.7-2018-q2-update.win32_1.4.0.202007081208/tools/bin/../lib/gcc/arm-none-eabi/7.3.1/thumb/v7e-m/fpv4-sp/hard/crti.o
                0x0000000008002b28                _fini
 .fini          0x0000000008002b2c        0x8 c:/st/stm32cubeide_1.4.0/stm32cubeide/plugins/com.st.stm32cube.ide.mcu.externaltools.gnu-tools-for-stm32.7-2018-q2-update.win32_1.4.0.202007081208/tools/bin/../lib/gcc/arm-none-eabi/7.3.1/thumb/v7e-m/fpv4-sp/hard/crtn.o
                0x0000000008002b34                . = ALIGN (0x4)
                0x0000000008002b34                _etext = .

.vfp11_veneer   0x0000000008002b34        0x0
 .vfp11_veneer  0x0000000008002b34        0x0 linker stubs

.v4_bx          0x0000000008002b34        0x0
 .v4_bx         0x0000000008002b34        0x0 linker stubs

.iplt           0x0000000008002b34        0x0
 .iplt          0x0000000008002b34        0x0 c:/st/stm32cubeide_1.4.0/stm32cubeide/plugins/com.st.stm32cube.ide.mcu.externaltools.gnu-tools-for-stm32.7-2018-q2-update.win32_1.4.0.202007081208/tools/bin/../lib/gcc/arm-none-eabi/7.3.1/thumb/v7e-m/fpv4-sp/hard/crtbegin.o

.rodata         0x0000000008002b34       0x38
                0x0000000008002b34                . = ALIGN (0x4)
 *(.rodata)
 *(.rodata*)
 .rodata.AHBPrescTable
                0x0000000008002b34       0x10 Core/Src/system_stm32f3xx.o
                0x0000000008002b34                AHBPrescTable
 .rodata.APBPrescTable
                0x0000000008002b44        0x8 Core/Src/system_stm32f3xx.o
                0x0000000008002b44                APBPrescTable
 .rodata.aPLLMULFactorTable
                0x0000000008002b4c       0x10 Drivers/STM32F3xx_HAL_Driver/Src/stm32f3xx_hal_rcc.o
                0x0000000008002b4c                aPLLMULFactorTable
 .rodata.aPredivFactorTable
                0x0000000008002b5c       0x10 Drivers/STM32F3xx_HAL_Driver/Src/stm32f3xx_hal_rcc.o
                0x0000000008002b5c                aPredivFactorTable
                0x0000000008002b6c                . = ALIGN (0x4)

.rel.dyn        0x0000000008002b6c        0x0
 .rel.iplt      0x0000000008002b6c        0x0 c:/st/stm32cubeide_1.4.0/stm32cubeide/plugins/com.st.stm32cube.ide.mcu.externaltools.gnu-tools-for-stm32.7-2018-q2-update.win32_1.4.0.202007081208/tools/bin/../lib/gcc/arm-none-eabi/7.3.1/thumb/v7e-m/fpv4-sp/hard/crtbegin.o

.ARM.extab      0x0000000008002b6c        0x0
                0x0000000008002b6c                . = ALIGN (0x4)
 *(.ARM.extab* .gnu.linkonce.armextab.*)
                0x0000000008002b6c                . = ALIGN (0x4)

.ARM            0x0000000008002b6c        0x0
                0x0000000008002b6c                . = ALIGN (0x4)
                0x0000000008002b6c                __exidx_start = .
 *(.ARM.exidx*)
                0x0000000008002b6c                __exidx_end = .
                0x0000000008002b6c                . = ALIGN (0x4)

.preinit_array  0x0000000008002b6c        0x0
                0x0000000008002b6c                . = ALIGN (0x4)
                0x0000000008002b6c                PROVIDE (__preinit_array_start = .)
 *(.preinit_array*)
                0x0000000008002b6c                PROVIDE (__preinit_array_end = .)
                0x0000000008002b6c                . = ALIGN (0x4)

.init_array     0x0000000008002b6c        0x4
                0x0000000008002b6c                . = ALIGN (0x4)
                0x0000000008002b6c                PROVIDE (__init_array_start = .)
 *(SORT_BY_NAME(.init_array.*))
 *(.init_array*)
 .init_array    0x0000000008002b6c        0x4 c:/st/stm32cubeide_1.4.0/stm32cubeide/plugins/com.st.stm32cube.ide.mcu.externaltools.gnu-tools-for-stm32.7-2018-q2-update.win32_1.4.0.202007081208/tools/bin/../lib/gcc/arm-none-eabi/7.3.1/thumb/v7e-m/fpv4-sp/hard/crtbegin.o
                0x0000000008002b70                PROVIDE (__init_array_end = .)
                0x0000000008002b70                . = ALIGN (0x4)

.fini_array     0x0000000008002b70        0x4
                0x0000000008002b70                . = ALIGN (0x4)
                [!provide]                        PROVIDE (__fini_array_start = .)
 *(SORT_BY_NAME(.fini_array.*))
 *(.fini_array*)
 .fini_array    0x0000000008002b70        0x4 c:/st/stm32cubeide_1.4.0/stm32cubeide/plugins/com.st.stm32cube.ide.mcu.externaltools.gnu-tools-for-stm32.7-2018-q2-update.win32_1.4.0.202007081208/tools/bin/../lib/gcc/arm-none-eabi/7.3.1/thumb/v7e-m/fpv4-sp/hard/crtbegin.o
                [!provide]                        PROVIDE (__fini_array_end = .)
                0x0000000008002b74                . = ALIGN (0x4)
                0x0000000008002b74                _sidata = LOADADDR (.data)

.data           0x0000000020000000        0xc load address 0x0000000008002b74
                0x0000000020000000                . = ALIGN (0x4)
                0x0000000020000000                _sdata = .
 *(.data)
 *(.data*)
 .data.SystemCoreClock
                0x0000000020000000        0x4 Core/Src/system_stm32f3xx.o
                0x0000000020000000                SystemCoreClock
 .data.uwTickPrio
                0x0000000020000004        0x4 Drivers/STM32F3xx_HAL_Driver/Src/stm32f3xx_hal.o
                0x0000000020000004                uwTickPrio
 .data.uwTickFreq
                0x0000000020000008        0x1 Drivers/STM32F3xx_HAL_Driver/Src/stm32f3xx_hal.o
                0x0000000020000008                uwTickFreq
                0x000000002000000c                . = ALIGN (0x4)
 *fill*         0x0000000020000009        0x3 
                0x000000002000000c                _edata = .

.igot.plt       0x000000002000000c        0x0 load address 0x0000000008002b80
 .igot.plt      0x000000002000000c        0x0 c:/st/stm32cubeide_1.4.0/stm32cubeide/plugins/com.st.stm32cube.ide.mcu.externaltools.gnu-tools-for-stm32.7-2018-q2-update.win32_1.4.0.202007081208/tools/bin/../lib/gcc/arm-none-eabi/7.3.1/thumb/v7e-m/fpv4-sp/hard/crtbegin.o
                0x000000002000000c                . = ALIGN (0x4)

.bss            0x000000002000000c       0xfc load address 0x0000000008002b80
                0x000000002000000c                _sbss = .
                0x000000002000000c                __bss_start__ = _sbss
 *(.bss)
 .bss           0x000000002000000c       0x1c c:/st/stm32cubeide_1.4.0/stm32cubeide/plugins/com.st.stm32cube.ide.mcu.externaltools.gnu-tools-for-stm32.7-2018-q2-update.win32_1.4.0.202007081208/tools/bin/../lib/gcc/arm-none-eabi/7.3.1/thumb/v7e-m/fpv4-sp/hard/crtbegin.o
 *(.bss*)
 *(COMMON)
 COMMON         0x0000000020000028       0xd4 Core/Src/main.o
                0x0000000020000028                cnt
                0x000000002000002c                hcan
                0x0000000020000054                TxData
                0x000000002000005c                TxMailbox
                0x0000000020000060                huart2
                0x00000000200000e4                TxHeader
 COMMON         0x00000000200000fc        0x8 Core/Src/xprintf.o
                0x00000000200000fc                xfunc_in
                0x0000000020000100                xfunc_out
 COMMON         0x0000000020000104        0x4 Drivers/STM32F3xx_HAL_Driver/Src/stm32f3xx_hal.o
                0x0000000020000104                uwTick
                0x0000000020000108                . = ALIGN (0x4)
                0x0000000020000108                _ebss = .
                0x0000000020000108                __bss_end__ = _ebss

._user_heap_stack
                0x0000000020000108      0x600 load address 0x0000000008002b80
                0x0000000020000108                . = ALIGN (0x8)
                [!provide]                        PROVIDE (end = .)
                0x0000000020000108                PROVIDE (_end = .)
                0x0000000020000308                . = (. + _Min_Heap_Size)
 *fill*         0x0000000020000108      0x200 
                0x0000000020000708                . = (. + _Min_Stack_Size)
 *fill*         0x0000000020000308      0x400 
                0x0000000020000708                . = ALIGN (0x8)

/DISCARD/
 libc.a(*)
 libm.a(*)
 libgcc.a(*)

.ARM.attributes
                0x0000000000000000       0x30
 *(.ARM.attributes)
 .ARM.attributes
                0x0000000000000000       0x22 c:/st/stm32cubeide_1.4.0/stm32cubeide/plugins/com.st.stm32cube.ide.mcu.externaltools.gnu-tools-for-stm32.7-2018-q2-update.win32_1.4.0.202007081208/tools/bin/../lib/gcc/arm-none-eabi/7.3.1/thumb/v7e-m/fpv4-sp/hard/crti.o
 .ARM.attributes
                0x0000000000000022       0x34 c:/st/stm32cubeide_1.4.0/stm32cubeide/plugins/com.st.stm32cube.ide.mcu.externaltools.gnu-tools-for-stm32.7-2018-q2-update.win32_1.4.0.202007081208/tools/bin/../lib/gcc/arm-none-eabi/7.3.1/thumb/v7e-m/fpv4-sp/hard/crtbegin.o
 .ARM.attributes
                0x0000000000000056       0x39 Core/Src/main.o
 .ARM.attributes
                0x000000000000008f       0x39 Core/Src/stm32f3xx_hal_msp.o
 .ARM.attributes
                0x00000000000000c8       0x39 Core/Src/stm32f3xx_it.o
 .ARM.attributes
                0x0000000000000101       0x39 Core/Src/system_stm32f3xx.o
 .ARM.attributes
                0x000000000000013a       0x39 Core/Src/xprintf.o
 .ARM.attributes
                0x0000000000000173       0x21 Core/Startup/startup_stm32f303k8tx.o
 .ARM.attributes
                0x0000000000000194       0x39 Drivers/STM32F3xx_HAL_Driver/Src/stm32f3xx_hal.o
 .ARM.attributes
                0x00000000000001cd       0x39 Drivers/STM32F3xx_HAL_Driver/Src/stm32f3xx_hal_can.o
 .ARM.attributes
                0x0000000000000206       0x39 Drivers/STM32F3xx_HAL_Driver/Src/stm32f3xx_hal_cortex.o
 .ARM.attributes
                0x000000000000023f       0x39 Drivers/STM32F3xx_HAL_Driver/Src/stm32f3xx_hal_gpio.o
 .ARM.attributes
                0x0000000000000278       0x39 Drivers/STM32F3xx_HAL_Driver/Src/stm32f3xx_hal_rcc.o
 .ARM.attributes
                0x00000000000002b1       0x39 Drivers/STM32F3xx_HAL_Driver/Src/stm32f3xx_hal_uart.o
 .ARM.attributes
                0x00000000000002ea       0x34 c:/st/stm32cubeide_1.4.0/stm32cubeide/plugins/com.st.stm32cube.ide.mcu.externaltools.gnu-tools-for-stm32.7-2018-q2-update.win32_1.4.0.202007081208/tools/bin/../lib/gcc/arm-none-eabi/7.3.1/../../../../arm-none-eabi/lib/thumb/v7e-m/fpv4-sp/hard\libc_nano.a(lib_a-init.o)
 .ARM.attributes
                0x000000000000031e       0x34 c:/st/stm32cubeide_1.4.0/stm32cubeide/plugins/com.st.stm32cube.ide.mcu.externaltools.gnu-tools-for-stm32.7-2018-q2-update.win32_1.4.0.202007081208/tools/bin/../lib/gcc/arm-none-eabi/7.3.1/../../../../arm-none-eabi/lib/thumb/v7e-m/fpv4-sp/hard\libc_nano.a(lib_a-memset.o)
 .ARM.attributes
                0x0000000000000352       0x22 c:/st/stm32cubeide_1.4.0/stm32cubeide/plugins/com.st.stm32cube.ide.mcu.externaltools.gnu-tools-for-stm32.7-2018-q2-update.win32_1.4.0.202007081208/tools/bin/../lib/gcc/arm-none-eabi/7.3.1/thumb/v7e-m/fpv4-sp/hard/crtn.o
OUTPUT(f303k8_can.elf elf32-littlearm)

.debug_info     0x0000000000000000     0x7fed
 .debug_info    0x0000000000000000      0xe2c Core/Src/main.o
 .debug_info    0x0000000000000e2c      0xd45 Core/Src/stm32f3xx_hal_msp.o
 .debug_info    0x0000000000001b71      0x20d Core/Src/stm32f3xx_it.o
 .debug_info    0x0000000000001d7e      0x45c Core/Src/system_stm32f3xx.o
 .debug_info    0x00000000000021da      0x539 Core/Src/xprintf.o
 .debug_info    0x0000000000002713       0x22 Core/Startup/startup_stm32f303k8tx.o
 .debug_info    0x0000000000002735      0x758 Drivers/STM32F3xx_HAL_Driver/Src/stm32f3xx_hal.o
 .debug_info    0x0000000000002e8d      0xf9a Drivers/STM32F3xx_HAL_Driver/Src/stm32f3xx_hal_can.o
 .debug_info    0x0000000000003e27      0xb54 Drivers/STM32F3xx_HAL_Driver/Src/stm32f3xx_hal_cortex.o
 .debug_info    0x000000000000497b      0x7c1 Drivers/STM32F3xx_HAL_Driver/Src/stm32f3xx_hal_gpio.o
 .debug_info    0x000000000000513c     0x180f Drivers/STM32F3xx_HAL_Driver/Src/stm32f3xx_hal_rcc.o
 .debug_info    0x000000000000694b     0x16a2 Drivers/STM32F3xx_HAL_Driver/Src/stm32f3xx_hal_uart.o

.debug_abbrev   0x0000000000000000     0x14c3
 .debug_abbrev  0x0000000000000000      0x248 Core/Src/main.o
 .debug_abbrev  0x0000000000000248      0x1b7 Core/Src/stm32f3xx_hal_msp.o
 .debug_abbrev  0x00000000000003ff       0xc6 Core/Src/stm32f3xx_it.o
 .debug_abbrev  0x00000000000004c5      0x12b Core/Src/system_stm32f3xx.o
 .debug_abbrev  0x00000000000005f0      0x1d2 Core/Src/xprintf.o
 .debug_abbrev  0x00000000000007c2       0x12 Core/Startup/startup_stm32f303k8tx.o
 .debug_abbrev  0x00000000000007d4      0x1c7 Drivers/STM32F3xx_HAL_Driver/Src/stm32f3xx_hal.o
 .debug_abbrev  0x000000000000099b      0x1f2 Drivers/STM32F3xx_HAL_Driver/Src/stm32f3xx_hal_can.o
 .debug_abbrev  0x0000000000000b8d      0x2d5 Drivers/STM32F3xx_HAL_Driver/Src/stm32f3xx_hal_cortex.o
 .debug_abbrev  0x0000000000000e62      0x1c0 Drivers/STM32F3xx_HAL_Driver/Src/stm32f3xx_hal_gpio.o
 .debug_abbrev  0x0000000000001022      0x28c Drivers/STM32F3xx_HAL_Driver/Src/stm32f3xx_hal_rcc.o
 .debug_abbrev  0x00000000000012ae      0x215 Drivers/STM32F3xx_HAL_Driver/Src/stm32f3xx_hal_uart.o

.debug_aranges  0x0000000000000000      0x7d8
 .debug_aranges
                0x0000000000000000       0x50 Core/Src/main.o
 .debug_aranges
                0x0000000000000050       0x40 Core/Src/stm32f3xx_hal_msp.o
 .debug_aranges
                0x0000000000000090       0x60 Core/Src/stm32f3xx_it.o
 .debug_aranges
                0x00000000000000f0       0x28 Core/Src/system_stm32f3xx.o
 .debug_aranges
                0x0000000000000118       0x78 Core/Src/xprintf.o
 .debug_aranges
                0x0000000000000190       0x28 Core/Startup/startup_stm32f303k8tx.o
 .debug_aranges
                0x00000000000001b8       0xe0 Drivers/STM32F3xx_HAL_Driver/Src/stm32f3xx_hal.o
 .debug_aranges
                0x0000000000000298      0x138 Drivers/STM32F3xx_HAL_Driver/Src/stm32f3xx_hal_can.o
 .debug_aranges
                0x00000000000003d0      0x100 Drivers/STM32F3xx_HAL_Driver/Src/stm32f3xx_hal_cortex.o
 .debug_aranges
                0x00000000000004d0       0x58 Drivers/STM32F3xx_HAL_Driver/Src/stm32f3xx_hal_gpio.o
 .debug_aranges
                0x0000000000000528       0x88 Drivers/STM32F3xx_HAL_Driver/Src/stm32f3xx_hal_rcc.o
 .debug_aranges
                0x00000000000005b0      0x228 Drivers/STM32F3xx_HAL_Driver/Src/stm32f3xx_hal_uart.o

.debug_ranges   0x0000000000000000      0x750
 .debug_ranges  0x0000000000000000       0x40 Core/Src/main.o
 .debug_ranges  0x0000000000000040       0x30 Core/Src/stm32f3xx_hal_msp.o
 .debug_ranges  0x0000000000000070       0x50 Core/Src/stm32f3xx_it.o
 .debug_ranges  0x00000000000000c0       0x18 Core/Src/system_stm32f3xx.o
 .debug_ranges  0x00000000000000d8       0x68 Core/Src/xprintf.o
 .debug_ranges  0x0000000000000140       0x20 Core/Startup/startup_stm32f303k8tx.o
 .debug_ranges  0x0000000000000160       0xd0 Drivers/STM32F3xx_HAL_Driver/Src/stm32f3xx_hal.o
 .debug_ranges  0x0000000000000230      0x128 Drivers/STM32F3xx_HAL_Driver/Src/stm32f3xx_hal_can.o
 .debug_ranges  0x0000000000000358       0xf0 Drivers/STM32F3xx_HAL_Driver/Src/stm32f3xx_hal_cortex.o
 .debug_ranges  0x0000000000000448       0x48 Drivers/STM32F3xx_HAL_Driver/Src/stm32f3xx_hal_gpio.o
 .debug_ranges  0x0000000000000490       0x78 Drivers/STM32F3xx_HAL_Driver/Src/stm32f3xx_hal_rcc.o
 .debug_ranges  0x0000000000000508      0x248 Drivers/STM32F3xx_HAL_Driver/Src/stm32f3xx_hal_uart.o

.debug_macro    0x0000000000000000    0x19d6f
 .debug_macro   0x0000000000000000      0x1d4 Core/Src/main.o
 .debug_macro   0x00000000000001d4      0xa5a Core/Src/main.o
 .debug_macro   0x0000000000000c2e      0x157 Core/Src/main.o
 .debug_macro   0x0000000000000d85       0x2e Core/Src/main.o
 .debug_macro   0x0000000000000db3       0x28 Core/Src/main.o
 .debug_macro   0x0000000000000ddb       0x22 Core/Src/main.o
 .debug_macro   0x0000000000000dfd       0x8e Core/Src/main.o
 .debug_macro   0x0000000000000e8b       0x51 Core/Src/main.o
 .debug_macro   0x0000000000000edc       0xef Core/Src/main.o
 .debug_macro   0x0000000000000fcb       0x6a Core/Src/main.o
 .debug_macro   0x0000000000001035      0x1df Core/Src/main.o
 .debug_macro   0x0000000000001214       0x1c Core/Src/main.o
 .debug_macro   0x0000000000001230       0x22 Core/Src/main.o
 .debug_macro   0x0000000000001252       0xdf Core/Src/main.o
 .debug_macro   0x0000000000001331      0xf07 Core/Src/main.o
 .debug_macro   0x0000000000002238    0x10bd9 Core/Src/main.o
 .debug_macro   0x0000000000012e11       0x43 Core/Src/main.o
 .debug_macro   0x0000000000012e54     0x35e9 Core/Src/main.o
 .debug_macro   0x000000000001643d      0x174 Core/Src/main.o
 .debug_macro   0x00000000000165b1       0x55 Core/Src/main.o
 .debug_macro   0x0000000000016606      0x8f9 Core/Src/main.o
 .debug_macro   0x0000000000016eff      0x304 Core/Src/main.o
 .debug_macro   0x0000000000017203      0x12f Core/Src/main.o
 .debug_macro   0x0000000000017332      0x11b Core/Src/main.o
 .debug_macro   0x000000000001744d      0x1d5 Core/Src/main.o
 .debug_macro   0x0000000000017622      0x1bc Core/Src/main.o
 .debug_macro   0x00000000000177de       0x34 Core/Src/main.o
 .debug_macro   0x0000000000017812       0x3c Core/Src/main.o
 .debug_macro   0x000000000001784e       0x57 Core/Src/main.o
 .debug_macro   0x00000000000178a5      0x408 Core/Src/main.o
 .debug_macro   0x0000000000017cad       0xc5 Core/Src/main.o
 .debug_macro   0x0000000000017d72      0x19f Core/Src/main.o
 .debug_macro   0x0000000000017f11      0x22c Core/Src/main.o
 .debug_macro   0x000000000001813d       0x5b Core/Src/main.o
 .debug_macro   0x0000000000018198       0xa5 Core/Src/main.o
 .debug_macro   0x000000000001823d       0x81 Core/Src/main.o
 .debug_macro   0x00000000000182be       0xd3 Core/Src/main.o
 .debug_macro   0x0000000000018391      0x5a5 Core/Src/main.o
 .debug_macro   0x0000000000018936       0x44 Core/Src/main.o
 .debug_macro   0x000000000001897a      0x285 Core/Src/main.o
 .debug_macro   0x0000000000018bff       0x40 Core/Src/main.o
 .debug_macro   0x0000000000018c3f       0x4c Core/Src/main.o
 .debug_macro   0x0000000000018c8b      0x1cb Core/Src/stm32f3xx_hal_msp.o
 .debug_macro   0x0000000000018e56      0x1d5 Core/Src/stm32f3xx_it.o
 .debug_macro   0x000000000001902b      0x1bc Core/Src/system_stm32f3xx.o
 .debug_macro   0x00000000000191e7       0x23 Core/Src/xprintf.o
 .debug_macro   0x000000000001920a       0x58 Core/Src/xprintf.o
 .debug_macro   0x0000000000019262      0x1e0 Drivers/STM32F3xx_HAL_Driver/Src/stm32f3xx_hal.o
 .debug_macro   0x0000000000019442      0x1c4 Drivers/STM32F3xx_HAL_Driver/Src/stm32f3xx_hal_can.o
 .debug_macro   0x0000000000019606      0x1bc Drivers/STM32F3xx_HAL_Driver/Src/stm32f3xx_hal_cortex.o
 .debug_macro   0x00000000000197c2      0x1f4 Drivers/STM32F3xx_HAL_Driver/Src/stm32f3xx_hal_gpio.o
 .debug_macro   0x00000000000199b6      0x1e0 Drivers/STM32F3xx_HAL_Driver/Src/stm32f3xx_hal_rcc.o
 .debug_macro   0x0000000000019b96      0x1d9 Drivers/STM32F3xx_HAL_Driver/Src/stm32f3xx_hal_uart.o

.debug_line     0x0000000000000000     0x6716
 .debug_line    0x0000000000000000      0x77c Core/Src/main.o
 .debug_line    0x000000000000077c      0x721 Core/Src/stm32f3xx_hal_msp.o
 .debug_line    0x0000000000000e9d      0x767 Core/Src/stm32f3xx_it.o
 .debug_line    0x0000000000001604      0x6e0 Core/Src/system_stm32f3xx.o
 .debug_line    0x0000000000001ce4      0x3f7 Core/Src/xprintf.o
 .debug_line    0x00000000000020db       0x88 Core/Startup/startup_stm32f303k8tx.o
 .debug_line    0x0000000000002163      0x89e Drivers/STM32F3xx_HAL_Driver/Src/stm32f3xx_hal.o
 .debug_line    0x0000000000002a01      0xb6a Drivers/STM32F3xx_HAL_Driver/Src/stm32f3xx_hal_can.o
 .debug_line    0x000000000000356b      0x975 Drivers/STM32F3xx_HAL_Driver/Src/stm32f3xx_hal_cortex.o
 .debug_line    0x0000000000003ee0      0x83d Drivers/STM32F3xx_HAL_Driver/Src/stm32f3xx_hal_gpio.o
 .debug_line    0x000000000000471d      0xe16 Drivers/STM32F3xx_HAL_Driver/Src/stm32f3xx_hal_rcc.o
 .debug_line    0x0000000000005533     0x11e3 Drivers/STM32F3xx_HAL_Driver/Src/stm32f3xx_hal_uart.o

.debug_str      0x0000000000000000    0x99403
 .debug_str     0x0000000000000000    0x974d2 Core/Src/main.o
                                      0x977c8 (size before relaxing)
 .debug_str     0x00000000000974d2       0xe0 Core/Src/stm32f3xx_hal_msp.o
                                      0x9757f (size before relaxing)
 .debug_str     0x00000000000975b2       0xbd Core/Src/stm32f3xx_it.o
                                      0x96e9a (size before relaxing)
 .debug_str     0x000000000009766f       0xb3 Core/Src/system_stm32f3xx.o
                                      0x96e09 (size before relaxing)
 .debug_str     0x0000000000097722      0x1a0 Core/Src/xprintf.o
                                       0x303b (size before relaxing)
 .debug_str     0x00000000000978c2       0x36 Core/Startup/startup_stm32f303k8tx.o
                                         0x73 (size before relaxing)
 .debug_str     0x00000000000978f8      0x554 Drivers/STM32F3xx_HAL_Driver/Src/stm32f3xx_hal.o
                                      0x97457 (size before relaxing)
 .debug_str     0x0000000000097e4c      0x548 Drivers/STM32F3xx_HAL_Driver/Src/stm32f3xx_hal_can.o
                                      0x975b0 (size before relaxing)
 .debug_str     0x0000000000098394      0x284 Drivers/STM32F3xx_HAL_Driver/Src/stm32f3xx_hal_cortex.o
                                      0x97438 (size before relaxing)
 .debug_str     0x0000000000098618      0x294 Drivers/STM32F3xx_HAL_Driver/Src/stm32f3xx_hal_gpio.o
                                      0x970e1 (size before relaxing)
 .debug_str     0x00000000000988ac      0x2e9 Drivers/STM32F3xx_HAL_Driver/Src/stm32f3xx_hal_rcc.o
                                      0x97277 (size before relaxing)
 .debug_str     0x0000000000098b95      0x86e Drivers/STM32F3xx_HAL_Driver/Src/stm32f3xx_hal_uart.o
                                      0x97a64 (size before relaxing)

.comment        0x0000000000000000       0x7b
 .comment       0x0000000000000000       0x7b Core/Src/main.o
                                         0x7c (size before relaxing)
 .comment       0x000000000000007b       0x7c Core/Src/stm32f3xx_hal_msp.o
 .comment       0x000000000000007b       0x7c Core/Src/stm32f3xx_it.o
 .comment       0x000000000000007b       0x7c Core/Src/system_stm32f3xx.o
 .comment       0x000000000000007b       0x7c Core/Src/xprintf.o
 .comment       0x000000000000007b       0x7c Drivers/STM32F3xx_HAL_Driver/Src/stm32f3xx_hal.o
 .comment       0x000000000000007b       0x7c Drivers/STM32F3xx_HAL_Driver/Src/stm32f3xx_hal_can.o
 .comment       0x000000000000007b       0x7c Drivers/STM32F3xx_HAL_Driver/Src/stm32f3xx_hal_cortex.o
 .comment       0x000000000000007b       0x7c Drivers/STM32F3xx_HAL_Driver/Src/stm32f3xx_hal_gpio.o
 .comment       0x000000000000007b       0x7c Drivers/STM32F3xx_HAL_Driver/Src/stm32f3xx_hal_rcc.o
 .comment       0x000000000000007b       0x7c Drivers/STM32F3xx_HAL_Driver/Src/stm32f3xx_hal_uart.o

.debug_frame    0x0000000000000000     0x1fb0
 .debug_frame   0x0000000000000000       0xf4 Core/Src/main.o
 .debug_frame   0x00000000000000f4       0xc8 Core/Src/stm32f3xx_hal_msp.o
 .debug_frame   0x00000000000001bc      0x10c Core/Src/stm32f3xx_it.o
 .debug_frame   0x00000000000002c8       0x58 Core/Src/system_stm32f3xx.o
 .debug_frame   0x0000000000000320      0x208 Core/Src/xprintf.o
 .debug_frame   0x0000000000000528      0x334 Drivers/STM32F3xx_HAL_Driver/Src/stm32f3xx_hal.o
 .debug_frame   0x000000000000085c      0x5a0 Drivers/STM32F3xx_HAL_Driver/Src/stm32f3xx_hal_can.o
 .debug_frame   0x0000000000000dfc      0x428 Drivers/STM32F3xx_HAL_Driver/Src/stm32f3xx_hal_cortex.o
 .debug_frame   0x0000000000001224      0x14c Drivers/STM32F3xx_HAL_Driver/Src/stm32f3xx_hal_gpio.o
 .debug_frame   0x0000000000001370      0x214 Drivers/STM32F3xx_HAL_Driver/Src/stm32f3xx_hal_rcc.o
 .debug_frame   0x0000000000001584      0x9e0 Drivers/STM32F3xx_HAL_Driver/Src/stm32f3xx_hal_uart.o
 .debug_frame   0x0000000000001f64       0x2c c:/st/stm32cubeide_1.4.0/stm32cubeide/plugins/com.st.stm32cube.ide.mcu.externaltools.gnu-tools-for-stm32.7-2018-q2-update.win32_1.4.0.202007081208/tools/bin/../lib/gcc/arm-none-eabi/7.3.1/../../../../arm-none-eabi/lib/thumb/v7e-m/fpv4-sp/hard\libc_nano.a(lib_a-init.o)
 .debug_frame   0x0000000000001f90       0x20 c:/st/stm32cubeide_1.4.0/stm32cubeide/plugins/com.st.stm32cube.ide.mcu.externaltools.gnu-tools-for-stm32.7-2018-q2-update.win32_1.4.0.202007081208/tools/bin/../lib/gcc/arm-none-eabi/7.3.1/../../../../arm-none-eabi/lib/thumb/v7e-m/fpv4-sp/hard\libc_nano.a(lib_a-memset.o)
